--------- beginning of main
02-27 12:32:00.036  5548  5584 D CloudMusicFilter: Settings: whitelistMode=false, age=FIVE_PLUS, defaultKidsEnabled=false, allowedArtists=0, allowedKeywords=0
02-27 12:32:00.036  5548  5584 D CloudMusicFilter: BLOCKED: Explicit content
02-27 12:32:00.036  5548  5584 D MusicHomeViewModel: Item 'MONACO' blocked by music filter: EXPLICIT_CONTENT
02-27 12:32:00.036  5548  5584 D CloudMusicFilter: === Checking music: 'You Know My Name (feat. Jimi Cravity)' by 'Tasha Cobbs Leonard' ===
02-27 12:32:00.036  5548  5584 D CloudMusicFilter: Settings: whitelistMode=false, age=FIVE_PLUS, defaultKidsEnabled=false, allowedArtists=0, allowedKeywords=0
02-27 12:32:00.036  5548  5584 D CloudMusicFilter: Whitelist mode OFF - checking blocklists instead
02-27 12:32:00.036  5548  5584 D CloudMusicFilter: ALLOWED: Passed blocklist checks
02-27 12:32:00.036  5548  5584 D CloudMusicFilter: === Checking music: 'High Hopes' by 'Panic! At The Disco' ===
02-27 12:32:00.036  5548  5584 D CloudMusicFilter: Settings: whitelistMode=false, age=FIVE_PLUS, defaultKidsEnabled=false, allowedArtists=0, allowedKeywords=0
02-27 12:32:00.036  5548  5584 D CloudMusicFilter: Whitelist mode OFF - checking blocklists instead
02-27 12:32:00.036  5548  5584 D CloudMusicFilter: ALLOWED: Passed blocklist checks
02-27 12:32:00.037  5548  5584 D CloudMusicFilter: === Checking music: 'Empty Out Your Pockets' by 'Juice WRLD' ===
02-27 12:32:00.037  5548  5584 D CloudMusicFilter: Settings: whitelistMode=false, age=FIVE_PLUS, defaultKidsEnabled=false, allowedArtists=0, allowedKeywords=0
02-27 12:32:00.037  5548  5584 D CloudMusicFilter: BLOCKED: Explicit content
02-27 12:32:00.037  5548  5584 D MusicHomeViewModel: Item 'Empty Out Your Pockets' blocked by music filter: EXPLICIT_CONTENT
02-27 12:32:00.037  5548  5584 D CloudMusicFilter: === Checking music: 'God I'm Just Grateful' by 'Elevation Worship' ===
02-27 12:32:00.037  5548  5584 D CloudMusicFilter: Settings: whitelistMode=false, age=FIVE_PLUS, defaultKidsEnabled=false, allowedArtists=0, allowedKeywords=0
02-27 12:32:00.037  5548  5584 D CloudMusicFilter: Whitelist mode OFF - checking blocklists instead
02-27 12:32:00.037  5548  5584 D CloudMusicFilter: ALLOWED: Passed blocklist checks
02-27 12:32:00.037  5548  5584 D CloudMusicFilter: === Checking music: 'Yahweh Flow (Live In San Francisco)' by 'Tye Tribbett' ===
02-27 12:32:00.037  5548  5584 D CloudMusicFilter: Settings: whitelistMode=false, age=FIVE_PLUS, defaultKidsEnabled=false, allowedArtists=0, allowedKeywords=0
02-27 12:32:00.037  5548  5584 D CloudMusicFilter: Whitelist mode OFF - checking blocklists instead
02-27 12:32:00.037  5548  5584 D CloudMusicFilter: ALLOWED: Passed blocklist checks
02-27 12:32:00.038  5548  5584 D CloudMusicFilter: === Checking music: 'Satisfied' by 'Original Broadway Cast of Hamilton' ===
02-27 12:32:00.038  5548  5584 D CloudMusicFilter: Settings: whitelistMode=false, age=FIVE_PLUS, defaultKidsEnabled=false, allowedArtists=0, allowedKeywords=0
02-27 12:32:00.038  5548  5584 D CloudMusicFilter: Whitelist mode OFF - checking blocklists instead
02-27 12:32:00.038  5548  5584 D CloudMusicFilter: ALLOWED: Passed blocklist checks
02-27 12:32:00.038  5548  5584 D CloudMusicFilter: === Checking music: 'Texas' by 'BigXthaPlug' ===
02-27 12:32:00.038  5548  5584 D CloudMusicFilter: Settings: whitelistMode=false, age=FIVE_PLUS, defaultKidsEnabled=false, allowedArtists=0, allowedKeywords=0
02-27 12:32:00.038  5548  5584 D CloudMusicFilter: BLOCKED: Explicit content
02-27 12:32:00.038  5548  5584 D MusicHomeViewModel: Item 'Texas' blocked by music filter: EXPLICIT_CONTENT
02-27 12:32:00.038  5548  5584 D CloudMusicFilter: === Checking music: 'DÁKITI' by 'Bad Bunny' ===
02-27 12:32:00.038  5548  5584 D CloudMusicFilter: Settings: whitelistMode=false, age=FIVE_PLUS, defaultKidsEnabled=false, allowedArtists=0, allowedKeywords=0
02-27 12:32:00.038  5548  5584 D CloudMusicFilter: BLOCKED: Explicit content
02-27 12:32:00.038  5548  5584 D MusicHomeViewModel: Item 'DÁKITI' blocked by music filter: EXPLICIT_CONTENT
02-27 12:32:00.038  5548  5584 D CloudMusicFilter: === Checking music: 'Paint The Town Red' by 'Doja Cat' ===
02-27 12:32:00.038  5548  5584 D CloudMusicFilter: Settings: whitelistMode=false, age=FIVE_PLUS, defaultKidsEnabled=false, allowedArtists=0, allowedKeywords=0
02-27 12:32:00.039  5548  5584 D CloudMusicFilter: BLOCKED: Explicit content
02-27 12:32:00.039  5548  5584 D MusicHomeViewModel: Item 'Paint The Town Red' blocked by music filter: EXPLICIT_CONTENT
02-27 12:32:00.039  5548  5584 D CloudMusicFilter: === Checking music: 'American Boy (feat. Kanye West)' by 'Estelle' ===
02-27 12:32:00.039  5548  5584 D CloudMusicFilter: Settings: whitelistMode=false, age=FIVE_PLUS, defaultKidsEnabled=false, allowedArtists=0, allowedKeywords=0
02-27 12:32:00.039  5548  5584 D CloudMusicFilter: BLOCKED: Explicit content
02-27 12:32:00.039  5548  5584 D MusicHomeViewModel: Item 'American Boy (feat. Kanye West)' blocked by music filter: EXPLICIT_CONTENT
02-27 12:32:00.039  5548  5584 D CloudMusicFilter: === Checking music: 'this is what heartbreak feels like' by 'JVKE' ===
02-27 12:32:00.039  5548  5584 D CloudMusicFilter: Settings: whitelistMode=false, age=FIVE_PLUS, defaultKidsEnabled=false, allowedArtists=0, allowedKeywords=0
02-27 12:32:00.040  5548  5584 D CloudMusicFilter: Whitelist mode OFF - checking blocklists instead
02-27 12:32:00.040  5548  5584 D CloudMusicFilter: ALLOWED: Passed blocklist checks
02-27 12:32:00.040  5548  5584 D CloudMusicFilter: === Checking music: 'The Line (from the series Arcane League of Legends)' by 'Twenty One Pilots' ===
02-27 12:32:00.040  5548  5584 D CloudMusicFilter: Settings: whitelistMode=false, age=FIVE_PLUS, defaultKidsEnabled=false, allowedArtists=0, allowedKeywords=0
02-27 12:32:00.040  5548  5584 D CloudMusicFilter: Whitelist mode OFF - checking blocklists instead
02-27 12:32:00.040  5548  5584 D CloudMusicFilter: ALLOWED: Passed blocklist checks
02-27 12:32:00.040  5548  5584 D CloudMusicFilter: === Checking music: 'Miss You (Bonus Track)' by 'Oliver Tree' ===
02-27 12:32:00.040  5548  5584 D CloudMusicFilter: Settings: whitelistMode=false, age=FIVE_PLUS, defaultKidsEnabled=false, allowedArtists=0, allowedKeywords=0
02-27 12:32:00.040  5548  5584 D CloudMusicFilter: BLOCKED: Explicit content
02-27 12:32:00.041  5548  5584 D MusicHomeViewModel: Item 'Miss You (Bonus Track)' blocked by music filter: EXPLICIT_CONTENT
02-27 12:32:00.041  5548  5584 D CloudMusicFilter: === Checking music: 'Wish (Audiomack Trap Symphony Version)' by 'Trippie Redd' ===
02-27 12:32:00.041  5548  5584 D CloudMusicFilter: Settings: whitelistMode=false, age=FIVE_PLUS, defaultKidsEnabled=false, allowedArtists=0, allowedKeywords=0
02-27 12:32:00.041  5548  5584 D CloudMusicFilter: BLOCKED: Explicit content
02-27 12:32:00.042  5548  5612 D CloudMusicFilter: === Checking music: 'Viva La Vida' by 'Coldplay - Topic' ===
02-27 12:32:00.042  5548  5612 D CloudMusicFilter: Settings: whitelistMode=false, age=FIVE_PLUS, defaultKidsEnabled=false, allowedArtists=0, allowedKeywords=0
02-27 12:32:00.042  5548  5612 D CloudMusicFilter: Whitelist mode OFF - checking blocklists instead
02-27 12:32:00.042  5548  5612 D CloudMusicFilter: ALLOWED: Passed blocklist checks
02-27 12:32:00.042  5548  5612 D CloudMusicFilter: === Checking music: 'Blinding Lights' by 'The Weeknd - Topic' ===
02-27 12:32:00.042  5548  5612 D CloudMusicFilter: Settings: whitelistMode=false, age=FIVE_PLUS, defaultKidsEnabled=false, allowedArtists=0, allowedKeywords=0
02-27 12:32:00.042  5548  5612 D CloudMusicFilter: Whitelist mode OFF - checking blocklists instead
02-27 12:32:00.042  5548  5612 D CloudMusicFilter: ALLOWED: Passed blocklist checks
02-27 12:32:00.042  5548  5612 D CloudMusicFilter: === Checking music: 'Eyes Wide Open' by 'Gotye' ===
02-27 12:32:00.042  5548  5612 D CloudMusicFilter: Settings: whitelistMode=false, age=FIVE_PLUS, defaultKidsEnabled=false, allowedArtists=0, allowedKeywords=0
02-27 12:32:00.042  5548  5612 D CloudMusicFilter: Whitelist mode OFF - checking blocklists instead
02-27 12:32:00.042  5548  5612 D CloudMusicFilter: ALLOWED: Passed blocklist checks
02-27 12:32:00.043  5548  5612 D CloudMusicFilter: === Checking music: 'Thunder' by 'Imagine Dragons' ===
02-27 12:32:00.043  5548  5584 D MusicHomeViewModel: Item 'Wish (Audiomack Trap Symphony Version)' blocked by music filter: EXPLICIT_CONTENT
02-27 12:32:00.045  5548  5612 D CloudMusicFilter: Settings: whitelistMode=false, age=FIVE_PLUS, defaultKidsEnabled=false, allowedArtists=0, allowedKeywords=0
02-27 12:32:00.045  5548  5612 D CloudMusicFilter: Whitelist mode OFF - checking blocklists instead
02-27 12:32:00.045  5548  5612 D CloudMusicFilter: ALLOWED: Passed blocklist checks
02-27 12:32:00.045  5548  5612 D CloudMusicFilter: === Checking music: 'Every Breath You Take' by 'The Police' ===
02-27 12:32:00.045  5548  5612 D CloudMusicFilter: Settings: whitelistMode=false, age=FIVE_PLUS, defaultKidsEnabled=false, allowedArtists=0, allowedKeywords=0
02-27 12:32:00.045  5548  5612 D CloudMusicFilter: Whitelist mode OFF - checking blocklists instead
02-27 12:32:00.045  5548  5612 D CloudMusicFilter: ALLOWED: Passed blocklist checks
02-27 12:32:00.046  5548  5612 D CloudMusicFilter: === Checking music: 'Stressed Out' by 'twenty one pilots' ===
02-27 12:32:00.046  5548  5612 D CloudMusicFilter: Settings: whitelistMode=false, age=FIVE_PLUS, defaultKidsEnabled=false, allowedArtists=0, allowedKeywords=0
02-27 12:32:00.046  5548  5612 D CloudMusicFilter: Whitelist mode OFF - checking blocklists instead
02-27 12:32:00.046  5548  5612 D CloudMusicFilter: ALLOWED: Passed blocklist checks
02-27 12:32:00.046  5548  5612 D CloudMusicFilter: === Checking music: 'Beautiful Things' by 'Benson Boone' ===
02-27 12:32:00.046  5548  5612 D CloudMusicFilter: Settings: whitelistMode=false, age=FIVE_PLUS, defaultKidsEnabled=false, allowedArtists=0, allowedKeywords=0
02-27 12:32:00.046  5548  5612 D CloudMusicFilter: Whitelist mode OFF - checking blocklists instead
02-27 12:32:00.046  5548  5612 D CloudMusicFilter: ALLOWED: Passed blocklist checks
02-27 12:32:00.046  5548  5584 D CloudMusicFilter: === Checking music: 'Blinding Lights' by 'The Weeknd - Topic' ===
02-27 12:32:00.047  5548  5584 D CloudMusicFilter: Settings: whitelistMode=false, age=FIVE_PLUS, defaultKidsEnabled=false, allowedArtists=0, allowedKeywords=0
02-27 12:32:00.047  5548  5584 D CloudMusicFilter: Whitelist mode OFF - checking blocklists instead
02-27 12:32:00.047  5548  5584 D CloudMusicFilter: ALLOWED: Passed blocklist checks
02-27 12:32:00.047  5548  5619 D CloudMusicFilter: === Checking music: 'Feel-Good Pop & Rock' by 'Ed Sheeran, The Script, Imagine Dragons, Sheppard' ===
02-27 12:32:00.047  5548  5619 D CloudMusicFilter: Settings: whitelistMode=false, age=FIVE_PLUS, defaultKidsEnabled=false, allowedArtists=0, allowedKeywords=0
02-27 12:32:00.047  5548  5619 D CloudMusicFilter: Whitelist mode OFF - checking blocklists instead
02-27 12:32:00.047  5548  5619 D CloudMusicFilter: ALLOWED: Passed blocklist checks
02-27 12:32:00.047  5548  5584 D CloudMusicFilter: === Checking music: 'Viva La Vida' by 'Coldplay - Topic' ===
02-27 12:32:00.047  5548  5619 D CloudMusicFilter: === Checking music: 'Feelin' Good in the 90s' by 'Oasis, Primal Scream, Dodgy, Ocean Colour Scene' ===
02-27 12:32:00.047  5548  5584 D CloudMusicFilter: Settings: whitelistMode=false, age=FIVE_PLUS, defaultKidsEnabled=false, allowedArtists=0, allowedKeywords=0
02-27 12:32:00.047  5548  5584 D CloudMusicFilter: Whitelist mode OFF - checking blocklists instead
02-27 12:32:00.048  5548  5612 D CloudMusicFilter: === Checking music: 'Riptide' by 'Vance Joy' ===
02-27 12:32:00.048  5548  5584 D CloudMusicFilter: ALLOWED: Passed blocklist checks
02-27 12:32:00.048  5548  5612 D CloudMusicFilter: Settings: whitelistMode=false, age=FIVE_PLUS, defaultKidsEnabled=false, allowedArtists=0, allowedKeywords=0
02-27 12:32:00.048  5548  5612 D CloudMusicFilter: Whitelist mode OFF - checking blocklists instead
02-27 12:32:00.048  5548  5619 D CloudMusicFilter: Settings: whitelistMode=false, age=FIVE_PLUS, defaultKidsEnabled=false, allowedArtists=0, allowedKeywords=0
02-27 12:32:00.048  5548  5619 D CloudMusicFilter: Whitelist mode OFF - checking blocklists instead
02-27 12:32:00.048  5548  5619 D CloudMusicFilter: ALLOWED: Passed blocklist checks
02-27 12:32:00.048  5548  5619 D CloudMusicFilter: === Checking music: 'Feelin' Good in the 80s' by 'Bobby Brown, Dolly Parton, Olivia Newton-John, Daryl Hall & John Oates' ===
02-27 12:32:00.048  5548  5619 D CloudMusicFilter: Settings: whitelistMode=false, age=FIVE_PLUS, defaultKidsEnabled=false, allowedArtists=0, allowedKeywords=0
02-27 12:32:00.048  5548  5619 D CloudMusicFilter: Whitelist mode OFF - checking blocklists instead
02-27 12:32:00.048  5548  5584 D CloudMusicFilter: === Checking music: 'Eyes Wide Open' by 'Gotye' ===
02-27 12:32:00.048  5548  5584 D CloudMusicFilter: Settings: whitelistMode=false, age=FIVE_PLUS, defaultKidsEnabled=false, allowedArtists=0, allowedKeywords=0
02-27 12:32:00.049  5548  5584 D CloudMusicFilter: Whitelist mode OFF - checking blocklists instead
02-27 12:32:00.049  5548  5584 D CloudMusicFilter: ALLOWED: Passed blocklist checks
02-27 12:32:00.049  5548  5584 D CloudMusicFilter: === Checking music: 'Thunder' by 'Imagine Dragons' ===
02-27 12:32:00.049  5548  5584 D CloudMusicFilter: Settings: whitelistMode=false, age=FIVE_PLUS, defaultKidsEnabled=false, allowedArtists=0, allowedKeywords=0
02-27 12:32:00.049  5548  5584 D CloudMusicFilter: Whitelist mode OFF - checking blocklists instead
02-27 12:32:00.050  5548  5619 D CloudMusicFilter: ALLOWED: Passed blocklist checks
02-27 12:32:00.050  5548  5619 D CloudMusicFilter: === Checking music: 'Feel-Good R&B Vibes' by 'Bruno Mars, Anderson .Paak, Drake, J Hus' ===
02-27 12:32:00.050  5548  5619 D CloudMusicFilter: Settings: whitelistMode=false, age=FIVE_PLUS, defaultKidsEnabled=false, allowedArtists=0, allowedKeywords=0
02-27 12:32:00.050  5548  5619 D CloudMusicFilter: Whitelist mode OFF - checking blocklists instead
02-27 12:32:00.051  5548  5619 D CloudMusicFilter: ALLOWED: Passed blocklist checks
02-27 12:32:00.051  5548  5612 D CloudMusicFilter: ALLOWED: Passed blocklist checks
02-27 12:32:00.051  5548  5584 D CloudMusicFilter: ALLOWED: Passed blocklist checks
02-27 12:32:00.051  5548  5584 D CloudMusicFilter: === Checking music: 'Every Breath You Take' by 'The Police' ===
02-27 12:32:00.051  5548  5584 D CloudMusicFilter: Settings: whitelistMode=false, age=FIVE_PLUS, defaultKidsEnabled=false, allowedArtists=0, allowedKeywords=0
02-27 12:32:00.052  5548  5584 D CloudMusicFilter: Whitelist mode OFF - checking blocklists instead
02-27 12:32:00.052  5548  5584 D CloudMusicFilter: ALLOWED: Passed blocklist checks
02-27 12:32:00.052  5548  5612 D CloudMusicFilter: === Checking music: 'Summertime Sadness' by 'Lana Del Rey' ===
02-27 12:32:00.052  5548  5584 D CloudMusicFilter: === Checking music: 'Stressed Out' by 'twenty one pilots' ===
02-27 12:32:00.052  5548  5584 D CloudMusicFilter: Settings: whitelistMode=false, age=FIVE_PLUS, defaultKidsEnabled=false, allowedArtists=0, allowedKeywords=0
02-27 12:32:00.052  5548  5612 D CloudMusicFilter: Settings: whitelistMode=false, age=FIVE_PLUS, defaultKidsEnabled=false, allowedArtists=0, allowedKeywords=0
02-27 12:32:00.052  5548  5612 D CloudMusicFilter: Whitelist mode OFF - checking blocklists instead
02-27 12:32:00.052  5548  5584 D CloudMusicFilter: Whitelist mode OFF - checking blocklists instead
02-27 12:32:00.052  5548  5612 D CloudMusicFilter: ALLOWED: Passed blocklist checks
02-27 12:32:00.052  5548  5619 D CloudMusicFilter: === Checking music: 'Feel-Good Pop Hits' by 'OneRepublic, Jessie J, Benson Boone, Myles Smith' ===
02-27 12:32:00.053  5548  5619 D CloudMusicFilter: Settings: whitelistMode=false, age=FIVE_PLUS, defaultKidsEnabled=false, allowedArtists=0, allowedKeywords=0
02-27 12:32:00.053  5548  5619 D CloudMusicFilter: Whitelist mode OFF - checking blocklists instead
02-27 12:32:00.053  5548  5612 D CloudMusicFilter: === Checking music: 'Wonderwall' by 'Oasis' ===
02-27 12:32:00.053  5548  5584 D CloudMusicFilter: ALLOWED: Passed blocklist checks
02-27 12:32:00.053  5548  5612 D CloudMusicFilter: Settings: whitelistMode=false, age=FIVE_PLUS, defaultKidsEnabled=false, allowedArtists=0, allowedKeywords=0
02-27 12:32:00.053  5548  5612 D CloudMusicFilter: Whitelist mode OFF - checking blocklists instead
02-27 12:32:00.053  5548  5612 D CloudMusicFilter: ALLOWED: Passed blocklist checks
02-27 12:32:00.053  5548  5619 D CloudMusicFilter: ALLOWED: Passed blocklist checks
02-27 12:32:00.053  5548  5584 D CloudMusicFilter: === Checking music: 'Beautiful Things' by 'Benson Boone' ===
02-27 12:32:00.053  5548  5584 D CloudMusicFilter: Settings: whitelistMode=false, age=FIVE_PLUS, defaultKidsEnabled=false, allowedArtists=0, allowedKeywords=0
02-27 12:32:00.053  5548  5584 D CloudMusicFilter: Whitelist mode OFF - checking blocklists instead
02-27 12:32:00.054  5548  5619 D CloudMusicFilter: === Checking music: 'Ultimate Feel-Good' by 'Elton John, Fleetwood Mac, Coldplay, Mark Ronson' ===
02-27 12:32:00.054  5548  5584 D CloudMusicFilter: ALLOWED: Passed blocklist checks
02-27 12:32:00.054  5548  5584 D CloudMusicFilter: === Checking music: 'Riptide' by 'Vance Joy' ===
02-27 12:32:00.054  5548  5619 D CloudMusicFilter: Settings: whitelistMode=false, age=FIVE_PLUS, defaultKidsEnabled=false, allowedArtists=0, allowedKeywords=0
02-27 12:32:00.054  5548  5548 D MusicHomeViewModel: Loaded 10 most played, 10 after filtering
02-27 12:32:00.054  5548  5619 D CloudMusicFilter: Whitelist mode OFF - checking blocklists instead
02-27 12:32:00.054  5548  5619 D CloudMusicFilter: ALLOWED: Passed blocklist checks
02-27 12:32:00.054  5548  5584 D CloudMusicFilter: Settings: whitelistMode=false, age=FIVE_PLUS, defaultKidsEnabled=false, allowedArtists=0, allowedKeywords=0
02-27 12:32:00.054  5548  5584 D CloudMusicFilter: Whitelist mode OFF - checking blocklists instead
02-27 12:32:00.055  5548  5584 D CloudMusicFilter: ALLOWED: Passed blocklist checks
02-27 12:32:00.055  5548  5619 D CloudMusicFilter: === Checking music: 'Happy Pop Hits' by 'Myles Smith, Ed Sheeran, Calum Scott, OneRepublic' ===
02-27 12:32:00.055  5548  5619 D CloudMusicFilter: Settings: whitelistMode=false, age=FIVE_PLUS, defaultKidsEnabled=false, allowedArtists=0, allowedKeywords=0
02-27 12:32:00.055  5548  5619 D CloudMusicFilter: Whitelist mode OFF - checking blocklists instead
02-27 12:32:00.055  5548  5612 D CloudMusicFilter: === Checking music: 'Viva La Vida' by 'Coldplay - Topic' ===
02-27 12:32:00.055  5548  5612 D CloudMusicFilter: Settings: whitelistMode=false, age=FIVE_PLUS, defaultKidsEnabled=false, allowedArtists=0, allowedKeywords=0
02-27 12:32:00.055  5548  5612 D CloudMusicFilter: Whitelist mode OFF - checking blocklists instead
02-27 12:32:00.055  5548  5612 D CloudMusicFilter: ALLOWED: Passed blocklist checks
02-27 12:32:00.056  5548  5612 D CloudMusicFilter: === Checking music: 'Blinding Lights' by 'The Weeknd - Topic' ===
02-27 12:32:00.056  5548  5612 D CloudMusicFilter: Settings: whitelistMode=false, age=FIVE_PLUS, defaultKidsEnabled=false, allowedArtists=0, allowedKeywords=0
02-27 12:32:00.056  5548  5612 D CloudMusicFilter: Whitelist mode OFF - checking blocklists instead
02-27 12:32:00.056  5548  5612 D CloudMusicFilter: ALLOWED: Passed blocklist checks
02-27 12:32:00.056  5548  5612 D CloudMusicFilter: === Checking music: 'Eyes Wide Open' by 'Gotye' ===
02-27 12:32:00.057  5548  5612 D CloudMusicFilter: Settings: whitelistMode=false, age=FIVE_PLUS, defaultKidsEnabled=false, allowedArtists=0, allowedKeywords=0
02-27 12:32:00.057  5548  5612 D CloudMusicFilter: Whitelist mode OFF - checking blocklists instead
02-27 12:32:00.057  5548  5584 D CloudMusicFilter: === Checking music: 'Summertime Sadness' by 'Lana Del Rey' ===
02-27 12:32:00.057  5548  5584 D CloudMusicFilter: Settings: whitelistMode=false, age=FIVE_PLUS, defaultKidsEnabled=false, allowedArtists=0, allowedKeywords=0
02-27 12:32:00.057  5548  5584 D CloudMusicFilter: Whitelist mode OFF - checking blocklists instead
02-27 12:32:00.058  5548  5584 D CloudMusicFilter: ALLOWED: Passed blocklist checks
02-27 12:32:00.058  5548  5584 D CloudMusicFilter: === Checking music: 'Wonderwall' by 'Oasis' ===
02-27 12:32:00.058  5548  5584 D CloudMusicFilter: Settings: whitelistMode=false, age=FIVE_PLUS, defaultKidsEnabled=false, allowedArtists=0, allowedKeywords=0
02-27 12:32:00.058  5548  5584 D CloudMusicFilter: Whitelist mode OFF - checking blocklists instead
02-27 12:32:00.058  5548  5584 D CloudMusicFilter: ALLOWED: Passed blocklist checks
02-27 12:32:00.058  5548  5619 D CloudMusicFilter: ALLOWED: Passed blocklist checks
02-27 12:32:00.058  5548  5548 D MusicHomeViewModel: Loaded 10 recently played, 10 after filtering
02-27 12:32:00.059  5548  5619 D CloudMusicFilter: === Checking music: 'Feelin' Good in the '00s' by 'Britney Spears, Mariah Carey, Justin Timberlake, Gwen Stefani' ===
02-27 12:32:00.059  5548  5612 D CloudMusicFilter: ALLOWED: Passed blocklist checks
02-27 12:32:00.059  5548  5612 D CloudMusicFilter: === Checking music: 'Thunder' by 'Imagine Dragons' ===
02-27 12:32:00.059  5548  5612 D CloudMusicFilter: Settings: whitelistMode=false, age=FIVE_PLUS, defaultKidsEnabled=false, allowedArtists=0, allowedKeywords=0
02-27 12:32:00.059  5548  5612 D CloudMusicFilter: Whitelist mode OFF - checking blocklists instead
02-27 12:32:00.059  5548  5612 D CloudMusicFilter: ALLOWED: Passed blocklist checks
02-27 12:32:00.059  5548  5612 D CloudMusicFilter: === Checking music: 'Every Breath You Take' by 'The Police' ===
02-27 12:32:00.059  5548  5612 D CloudMusicFilter: Settings: whitelistMode=false, age=FIVE_PLUS, defaultKidsEnabled=false, allowedArtists=0, allowedKeywords=0
02-27 12:32:00.060  5548  5612 D CloudMusicFilter: Whitelist mode OFF - checking blocklists instead
02-27 12:32:00.060  5548  5612 D CloudMusicFilter: ALLOWED: Passed blocklist checks
02-27 12:32:00.060  5548  5619 D CloudMusicFilter: Settings: whitelistMode=false, age=FIVE_PLUS, defaultKidsEnabled=false, allowedArtists=0, allowedKeywords=0
02-27 12:32:00.060  5548  5619 D CloudMusicFilter: Whitelist mode OFF - checking blocklists instead
02-27 12:32:00.060  5548  5612 D CloudMusicFilter: === Checking music: 'Stressed Out' by 'twenty one pilots' ===
02-27 12:32:00.060  5548  5612 D CloudMusicFilter: Settings: whitelistMode=false, age=FIVE_PLUS, defaultKidsEnabled=false, allowedArtists=0, allowedKeywords=0
02-27 12:32:00.060  5548  5619 D CloudMusicFilter: ALLOWED: Passed blocklist checks
02-27 12:32:00.060  5548  5612 D CloudMusicFilter: Whitelist mode OFF - checking blocklists instead
02-27 12:32:00.061  5548  5612 D CloudMusicFilter: ALLOWED: Passed blocklist checks
02-27 12:32:00.061  5548  5612 D CloudMusicFilter: === Checking music: 'Beautiful Things' by 'Benson Boone' ===
02-27 12:32:00.061  5548  5612 D CloudMusicFilter: Settings: whitelistMode=false, age=FIVE_PLUS, defaultKidsEnabled=false, allowedArtists=0, allowedKeywords=0
02-27 12:32:00.061  5548  5612 D CloudMusicFilter: Whitelist mode OFF - checking blocklists instead
02-27 12:32:00.061  5548  5612 D CloudMusicFilter: ALLOWED: Passed blocklist checks
02-27 12:32:00.061  5548  5612 D CloudMusicFilter: === Checking music: 'Riptide' by 'Vance Joy' ===
02-27 12:32:00.061  5548  5612 D CloudMusicFilter: Settings: whitelistMode=false, age=FIVE_PLUS, defaultKidsEnabled=false, allowedArtists=0, allowedKeywords=0
02-27 12:32:00.061  5548  5612 D CloudMusicFilter: Whitelist mode OFF - checking blocklists instead
02-27 12:32:00.061  5548  5619 D CloudMusicFilter: === Checking music: 'Feel-Good Dance Hits' by 'David Guetta, Calvin Harris, Jazzy, Joel Corry' ===
02-27 12:32:00.061  5548  5619 D CloudMusicFilter: Settings: whitelistMode=false, age=FIVE_PLUS, defaultKidsEnabled=false, allowedArtists=0, allowedKeywords=0
02-27 12:32:00.061  5548  5619 D CloudMusicFilter: Whitelist mode OFF - checking blocklists instead
02-27 12:32:00.061  5548  5619 D CloudMusicFilter: ALLOWED: Passed blocklist checks
02-27 12:32:00.062  5548  5619 D CloudMusicFilter: === Checking music: 'Indie Disco' by 'The Killers, Kasabian, The Pigeon Detectives, The Wombats' ===
02-27 12:32:00.062  5548  5619 D CloudMusicFilter: Settings: whitelistMode=false, age=FIVE_PLUS, defaultKidsEnabled=false, allowedArtists=0, allowedKeywords=0
02-27 12:32:00.062  5548  5619 D CloudMusicFilter: Whitelist mode OFF - checking blocklists instead
02-27 12:32:00.062  5548  5619 D CloudMusicFilter: ALLOWED: Passed blocklist checks
02-27 12:32:00.062  5548  5584 D CloudMusicFilter: === Checking music: 'Blinding Lights' by 'The Weeknd - Topic' ===
02-27 12:32:00.062  5548  5584 D CloudMusicFilter: Settings: whitelistMode=false, age=FIVE_PLUS, defaultKidsEnabled=false, allowedArtists=0, allowedKeywords=0
02-27 12:32:00.062  5548  5584 D CloudMusicFilter: Whitelist mode OFF - checking blocklists instead
02-27 12:32:00.062  5548  5612 D CloudMusicFilter: ALLOWED: Passed blocklist checks
02-27 12:32:00.063  5548  5584 D CloudMusicFilter: ALLOWED: Passed blocklist checks
02-27 12:32:00.063  5548  5584 D CloudMusicFilter: === Checking music: 'Viva La Vida' by 'Coldplay - Topic' ===
02-27 12:32:00.063  5548  5584 D CloudMusicFilter: Settings: whitelistMode=false, age=FIVE_PLUS, defaultKidsEnabled=false, allowedArtists=0, allowedKeywords=0
02-27 12:32:00.063  5548  5612 D CloudMusicFilter: === Checking music: 'Summertime Sadness' by 'Lana Del Rey' ===
02-27 12:32:00.063  5548  5612 D CloudMusicFilter: Settings: whitelistMode=false, age=FIVE_PLUS, defaultKidsEnabled=false, allowedArtists=0, allowedKeywords=0
02-27 12:32:00.063  5548  5612 D CloudMusicFilter: Whitelist mode OFF - checking blocklists instead
02-27 12:32:00.063  5548  5612 D CloudMusicFilter: ALLOWED: Passed blocklist checks
02-27 12:32:00.063  5548  5584 D CloudMusicFilter: Whitelist mode OFF - checking blocklists instead
02-27 12:32:00.063  5548  5612 D CloudMusicFilter: === Checking music: 'Wonderwall' by 'Oasis' ===
02-27 12:32:00.063  5548  5584 D CloudMusicFilter: ALLOWED: Passed blocklist checks
02-27 12:32:00.063  5548  5612 D CloudMusicFilter: Settings: whitelistMode=false, age=FIVE_PLUS, defaultKidsEnabled=false, allowedArtists=0, allowedKeywords=0
02-27 12:32:00.064  5548  5612 D CloudMusicFilter: Whitelist mode OFF - checking blocklists instead
02-27 12:32:00.064  5548  5612 D CloudMusicFilter: ALLOWED: Passed blocklist checks
02-27 12:32:00.064  5548  5584 D CloudMusicFilter: === Checking music: 'Eyes Wide Open' by 'Gotye' ===
02-27 12:32:00.064  5548  5584 D CloudMusicFilter: Settings: whitelistMode=false, age=FIVE_PLUS, defaultKidsEnabled=false, allowedArtists=0, allowedKeywords=0
02-27 12:32:00.064  5548  5584 D CloudMusicFilter: Whitelist mode OFF - checking blocklists instead
02-27 12:32:00.064  5548  5548 D MusicHomeViewModel: Loaded 10 most played, 10 after filtering
02-27 12:32:00.064  5548  5584 D CloudMusicFilter: ALLOWED: Passed blocklist checks
02-27 12:32:00.064  5548  5584 D CloudMusicFilter: === Checking music: 'Thunder' by 'Imagine Dragons' ===
02-27 12:32:00.064  5548  5584 D CloudMusicFilter: Settings: whitelistMode=false, age=FIVE_PLUS, defaultKidsEnabled=false, allowedArtists=0, allowedKeywords=0
02-27 12:32:00.065  5548  5584 D CloudMusicFilter: Whitelist mode OFF - checking blocklists instead
02-27 12:32:00.065  5548  5584 D CloudMusicFilter: ALLOWED: Passed blocklist checks
02-27 12:32:00.065  5548  5584 D CloudMusicFilter: === Checking music: 'Every Breath You Take' by 'The Police' ===
02-27 12:32:00.065  5548  5584 D CloudMusicFilter: Settings: whitelistMode=false, age=FIVE_PLUS, defaultKidsEnabled=false, allowedArtists=0, allowedKeywords=0
02-27 12:32:00.065  5548  5584 D CloudMusicFilter: Whitelist mode OFF - checking blocklists instead
02-27 12:32:00.065  5548  5584 D CloudMusicFilter: ALLOWED: Passed blocklist checks
02-27 12:32:00.065  5548  5584 D CloudMusicFilter: === Checking music: 'Stressed Out' by 'twenty one pilots' ===
02-27 12:32:00.065  5548  5584 D CloudMusicFilter: Settings: whitelistMode=false, age=FIVE_PLUS, defaultKidsEnabled=false, allowedArtists=0, allowedKeywords=0
02-27 12:32:00.066  5548  5584 D CloudMusicFilter: Whitelist mode OFF - checking blocklists instead
02-27 12:32:00.066  5548  5584 D CloudMusicFilter: ALLOWED: Passed blocklist checks
02-27 12:32:00.066  5548  5584 D CloudMusicFilter: === Checking music: 'Beautiful Things' by 'Benson Boone' ===
02-27 12:32:00.066  5548  5584 D CloudMusicFilter: Settings: whitelistMode=false, age=FIVE_PLUS, defaultKidsEnabled=false, allowedArtists=0, allowedKeywords=0
02-27 12:32:00.066  5548  5584 D CloudMusicFilter: Whitelist mode OFF - checking blocklists instead
02-27 12:32:00.066  5548  5584 D CloudMusicFilter: ALLOWED: Passed blocklist checks
02-27 12:32:00.066  5548  5584 D CloudMusicFilter: === Checking music: 'Riptide' by 'Vance Joy' ===
02-27 12:32:00.067  5548  5584 D CloudMusicFilter: Settings: whitelistMode=false, age=FIVE_PLUS, defaultKidsEnabled=false, allowedArtists=0, allowedKeywords=0
02-27 12:32:00.067  5548  5584 D CloudMusicFilter: Whitelist mode OFF - checking blocklists instead
02-27 12:32:00.067  5548  5584 D CloudMusicFilter: ALLOWED: Passed blocklist checks
02-27 12:32:00.067  5548  5584 D CloudMusicFilter: === Checking music: 'Summertime Sadness' by 'Lana Del Rey' ===
02-27 12:32:00.068  5548  5584 D CloudMusicFilter: Settings: whitelistMode=false, age=FIVE_PLUS, defaultKidsEnabled=false, allowedArtists=0, allowedKeywords=0
02-27 12:32:00.068  5548  5584 D CloudMusicFilter: Whitelist mode OFF - checking blocklists instead
02-27 12:32:00.068  5548  5584 D CloudMusicFilter: ALLOWED: Passed blocklist checks
02-27 12:32:00.069  5548  5584 D CloudMusicFilter: === Checking music: 'Wonderwall' by 'Oasis' ===
02-27 12:32:00.069  5548  5584 D CloudMusicFilter: Settings: whitelistMode=false, age=FIVE_PLUS, defaultKidsEnabled=false, allowedArtists=0, allowedKeywords=0
02-27 12:32:00.069  5548  5584 D CloudMusicFilter: Whitelist mode OFF - checking blocklists instead
02-27 12:32:00.069  5548  5619 D CloudMusicFilter: === Checking music: 'Mellow Pop Classics' by 'Avril Lavigne, Robbie Williams, Lewis Capaldi, Ed Sheeran' ===
02-27 12:32:00.069  5548  5619 D CloudMusicFilter: Settings: whitelistMode=false, age=FIVE_PLUS, defaultKidsEnabled=false, allowedArtists=0, allowedKeywords=0
02-27 12:32:00.069  5548  5619 D CloudMusicFilter: Whitelist mode OFF - checking blocklists instead
02-27 12:32:00.069  5548  5619 D CloudMusicFilter: ALLOWED: Passed blocklist checks
02-27 12:32:00.070  5548  5584 D CloudMusicFilter: ALLOWED: Passed blocklist checks
02-27 12:32:00.070  5548  5619 D CloudMusicFilter: === Checking music: 'Soft Rock Ballads' by 'Eagles, Fleetwood Mac, Air Supply, Foreigner' ===
02-27 12:32:00.070  5548  5619 D CloudMusicFilter: Settings: whitelistMode=false, age=FIVE_PLUS, defaultKidsEnabled=false, allowedArtists=0, allowedKeywords=0
02-27 12:32:00.070  5548  5619 D CloudMusicFilter: Whitelist mode OFF - checking blocklists instead
02-27 12:32:00.070  5548  5619 D CloudMusicFilter: ALLOWED: Passed blocklist checks
02-27 12:32:00.070  5548  5619 D CloudMusicFilter: === Checking music: 'All-Time Pumped-Up Hits' by 'David Guetta, Calvin Harris, Becky Hill, Avicii' ===
02-27 12:32:00.070  5548  5619 D CloudMusicFilter: Settings: whitelistMode=false, age=FIVE_PLUS, defaultKidsEnabled=false, allowedArtists=0, allowedKeywords=0
02-27 12:32:00.070  5548  5619 D CloudMusicFilter: Whitelist mode OFF - checking blocklists instead
02-27 12:32:00.070  5548  5619 D CloudMusicFilter: ALLOWED: Passed blocklist checks
02-27 12:32:00.071  5548  5619 D CloudMusicFilter: === Checking music: 'Laid-Back Sofa Pop' by 'Benson Boone, Lewis Capaldi, Billie Eilish, Myles Smith' ===
02-27 12:32:00.071  5548  5619 D CloudMusicFilter: Settings: whitelistMode=false, age=FIVE_PLUS, defaultKidsEnabled=false, allowedArtists=0, allowedKeywords=0
02-27 12:32:00.071  5548  5619 D CloudMusicFilter: Whitelist mode OFF - checking blocklists instead
02-27 12:32:00.071  5548  5619 D CloudMusicFilter: ALLOWED: Passed blocklist checks
02-27 12:32:00.071  5548  5548 D MusicHomeViewModel: Loaded 10 recently played, 10 after filtering
02-27 12:32:00.072  5548  5619 D CloudMusicFilter: === Checking music: 'Chill EDM Hits' by 'Kygo, The Chainsmokers, Martin Garrix, Lost Frequencies' ===
02-27 12:32:00.072  5548  5619 D CloudMusicFilter: Settings: whitelistMode=false, age=FIVE_PLUS, defaultKidsEnabled=false, allowedArtists=0, allowedKeywords=0
02-27 12:32:00.072  5548  5619 D CloudMusicFilter: Whitelist mode OFF - checking blocklists instead
02-27 12:32:00.072  5548  5619 D CloudMusicFilter: ALLOWED: Passed blocklist checks
02-27 12:32:00.073  5548  5619 D CloudMusicFilter: === Checking music: 'Chilled Hip-Hop' by 'A$AP Rocky, Kid Cudi, 6LACK, Aesop Rock' ===
02-27 12:32:00.073  5548  5619 D CloudMusicFilter: Settings: whitelistMode=false, age=FIVE_PLUS, defaultKidsEnabled=false, allowedArtists=0, allowedKeywords=0
02-27 12:32:00.073  5548  5619 D CloudMusicFilter: Whitelist mode OFF - checking blocklists instead
02-27 12:32:00.073  5548  5619 D CloudMusicFilter: ALLOWED: Passed blocklist checks
02-27 12:32:00.073  5548  5619 D CloudMusicFilter: === Checking music: 'Acoustic Singer-Songwriters' by 'Hozier, Jonah Kagen, Noah Cyrus, Lizzy McAlpine' ===
02-27 12:32:00.073  5548  5619 D CloudMusicFilter: Settings: whitelistMode=false, age=FIVE_PLUS, defaultKidsEnabled=false, allowedArtists=0, allowedKeywords=0
02-27 12:32:00.073  5548  5619 D CloudMusicFilter: Whitelist mode OFF - checking blocklists instead
02-27 12:32:00.073  5548  5619 D CloudMusicFilter: ALLOWED: Passed blocklist checks
02-27 12:32:00.074  5548  5548 D MusicHomeViewModel: Loaded 3 sections from browse API (from 3 raw)
02-27 12:32:01.116  1021  1115 D ControlsListingControllerImpl: Subscribing callback, service count: 0
02-27 12:32:01.118  1021  1115 D ControlsListingControllerImpl: Unsubscribing callback
02-27 12:32:01.466  1021  1115 I QuickAccessWalletTile: QAW service is unavailable, recreating the wallet client.
02-27 12:32:02.068   730  1060 D MediaSessionService: onSessionPlaybackStateChanged: record=com.zimbabeats/androidx.media3.session.id./7 (userId=0) playbackState=PlaybackState {state=PLAYING(3), position=8943, buffered position=20041, speed=1.0, updated=9080471, actions=7340031, custom actions=[], active item id=0, error=null}
02-27 12:32:02.080  1139  1139 I droid.bluetooth: AssetManager2(0x728bfbbebbb8) locale list changing from [] to [en-US]
02-27 12:32:02.080  1139  1139 W MediaControlGattService: Feature PLAYBACK_SPEED(BIT 8) support: true
02-27 12:32:02.081  1139  1139 W MediaControlGattService: Feature PLAYBACK_SPEED(BIT 8) support: true
02-27 12:32:02.081  1139  1139 W MediaControlGattService: Feature PLAYBACK_SPEED(BIT 8) support: true
02-27 12:32:02.081  1139  1139 W MediaControlGattService: Feature TRACK_POSITION(BIT 7) support: true
02-27 12:32:02.081  1139  1139 W MediaControlGattService: Feature TRACK_POSITION_NOTIFY support: true
02-27 12:32:02.081  1139  1139 W MediaControlGattService: Feature MEDIA_STATE(BIT 17) support: true
02-27 12:32:02.081  1139  1139 W MediaControlGattService: Feature MEDIA_STATE(BIT 17) support: true
02-27 12:32:02.082  1139  1139 I AdapterProperties: getBondedDevices: length=0
02-27 12:32:02.083  1139  1139 W MediaControlGattService: Feature PLAYER_NAME(BIT 1) support: true
02-27 12:32:02.083  1139  1139 W MediaControlGattService: Feature PLAYER_NAME(BIT 1) support: true
02-27 12:32:02.083  1139  1139 W MediaControlGattService: Feature MEDIA_CONTROL_POINT_OPCODES_SUPPORTED(BIT 19) support: true
02-27 12:32:02.083  1139  1139 W MediaControlGattService: Feature MEDIA_STATE(BIT 17) support: true
02-27 12:32:02.083  1139  1139 W MediaControlGattService: Feature MEDIA_STATE(BIT 17) support: true
02-27 12:32:02.083  1139  1139 W MediaControlGattService: Feature SEEKING_SPEED(BIT 9) support: true
02-27 12:32:02.083  1139  1139 W MediaControlGattService: Feature SEEKING_SPEED(BIT 9) support: true
02-27 12:32:02.084  1139  1139 W MediaControlGattService: Feature SEEKING_SPEED(BIT 9) support: true
02-27 12:32:02.093  1139  1139 I bluetooth: system/btif/avrcp/avrcp_service.cc:536 SendMediaUpdate: track_changed=false :  play_state=true :  queue=false
02-27 12:32:02.311  5548  5905 D BufferPoolAccessor2.0: bufferpool2 0x728b5bc086b8 : 5(28800 size) total buffers - 4(23040 size) used buffers - 488/493 (recycle/alloc) - 5/977 (fetch/transfer)
02-27 12:32:02.313   631  5906 D BufferPoolAccessor2.0: bufferpool2 0x700e0d59ee78 : 3(276480 size) total buffers - 1(92160 size) used buffers - 483/486 (recycle/alloc) - 3/485 (fetch/transfer)
02-27 12:32:05.073   730  1060 D MediaSessionService: onSessionPlaybackStateChanged: record=com.zimbabeats/androidx.media3.session.id./7 (userId=0) playbackState=PlaybackState {state=PLAYING(3), position=11952, buffered position=25801, speed=1.0, updated=9083476, actions=7340031, custom actions=[], active item id=0, error=null}
02-27 12:32:05.085  1139  1139 W MediaControlGattService: Feature PLAYBACK_SPEED(BIT 8) support: true
02-27 12:32:05.085  1139  1139 W MediaControlGattService: Feature PLAYBACK_SPEED(BIT 8) support: true
02-27 12:32:05.085  1139  1139 W MediaControlGattService: Feature PLAYBACK_SPEED(BIT 8) support: true
02-27 12:32:05.085  1139  1139 W MediaControlGattService: Feature TRACK_POSITION(BIT 7) support: true
02-27 12:32:05.086  1139  1139 W MediaControlGattService: Feature TRACK_POSITION_NOTIFY support: true
02-27 12:32:05.086  1139  1139 W MediaControlGattService: Feature MEDIA_STATE(BIT 17) support: true
02-27 12:32:05.086  1139  1139 W MediaControlGattService: Feature MEDIA_STATE(BIT 17) support: true
02-27 12:32:05.087  1139  1139 I AdapterProperties: getBondedDevices: length=0
02-27 12:32:05.087  1139  1139 W MediaControlGattService: Feature PLAYER_NAME(BIT 1) support: true
02-27 12:32:05.087  1139  1139 W MediaControlGattService: Feature PLAYER_NAME(BIT 1) support: true
02-27 12:32:05.087  1139  1139 W MediaControlGattService: Feature MEDIA_CONTROL_POINT_OPCODES_SUPPORTED(BIT 19) support: true
02-27 12:32:05.087  1139  1139 W MediaControlGattService: Feature MEDIA_STATE(BIT 17) support: true
02-27 12:32:05.087  1139  1139 W MediaControlGattService: Feature MEDIA_STATE(BIT 17) support: true
02-27 12:32:05.087  1139  1139 W MediaControlGattService: Feature SEEKING_SPEED(BIT 9) support: true
02-27 12:32:05.087  1139  1139 W MediaControlGattService: Feature SEEKING_SPEED(BIT 9) support: true
02-27 12:32:05.087  1139  1139 W MediaControlGattService: Feature SEEKING_SPEED(BIT 9) support: true
02-27 12:32:05.097  1139  1139 I bluetooth: system/btif/avrcp/avrcp_service.cc:536 SendMediaUpdate: track_changed=false :  play_state=true :  queue=false
02-27 12:32:05.097  1139  1175 I droid.bluetooth: Waiting for a blocking GC ProfileSaver
02-27 12:32:05.122  1139  1175 I droid.bluetooth: WaitForGcToComplete blocked ProfileSaver on NativeAlloc for 24.769ms
02-27 12:32:05.284  5548  5619 D YouTubeMusicClient: Fetching lyrics for: RmYCOm4ehKs
02-27 12:32:05.290  5548  5548 D MusicPlayerScreen: Screen opened with trackId: RmYCOm4ehKs
02-27 12:32:05.290  5548  5548 D MusicPlayerScreen: UI State - isLoading: false, error: null, track: Save Your Tears
02-27 12:32:05.503  5548  5619 D YouTubeMusicClient: Searching LRCLIB for: Save Your Tears by The Weeknd
02-27 12:32:05.504  5548  5619 D YouTubeMusicClient: LRCLIB get: https://lrclib.net/api/get?track_name=Save+Your+Tears&artist_name=The+Weeknd&duration=216
02-27 12:32:05.791  5548  5612 D YouTubeMusicClient: LRCLIB: Found 37 lyrics lines (synced: true)
02-27 12:32:05.794  5548  5548 D MusicPlayerViewModel: Lyrics loaded for track: RmYCOm4ehKs, available: true
02-27 12:32:05.805  5548  5548 D MusicPlayerScreen: Screen opened with trackId: RmYCOm4ehKs
02-27 12:32:05.805  5548  5548 D MusicPlayerScreen: UI State - isLoading: false, error: null, track: Save Your Tears
02-27 12:32:06.386  1179  1361 D SatelliteController: iisInCarrierRoamingNbIotNtn: satellite is disabled
02-27 12:32:06.390   730  1060 W IPCThreadState: Sending oneway calls to frozen process.
02-27 12:32:07.417  5548  5905 D BufferPoolAccessor2.0: bufferpool2 0x728b5bc086b8 : 5(28800 size) total buffers - 4(23040 size) used buffers - 743/748 (recycle/alloc) - 5/1487 (fetch/transfer)
02-27 12:32:07.418   631  5906 D BufferPoolAccessor2.0: bufferpool2 0x700e0d59ee78 : 3(276480 size) total buffers - 1(92160 size) used buffers - 738/741 (recycle/alloc) - 3/740 (fetch/transfer)
02-27 12:32:08.088   730  1060 D MediaSessionService: onSessionPlaybackStateChanged: record=com.zimbabeats/androidx.media3.session.id./7 (userId=0) playbackState=PlaybackState {state=PLAYING(3), position=14966, buffered position=31581, speed=1.0, updated=9086491, actions=7340031, custom actions=[], active item id=0, error=null}
02-27 12:32:08.099  1139  1139 I droid.bluetooth: AssetManager2(0x728bfbbebed8) locale list changing from [] to [en-US]
02-27 12:32:08.100  1139  1139 W MediaControlGattService: Feature PLAYBACK_SPEED(BIT 8) support: true
02-27 12:32:08.100  1139  1139 W MediaControlGattService: Feature PLAYBACK_SPEED(BIT 8) support: true
02-27 12:32:08.100  1139  1139 W MediaControlGattService: Feature PLAYBACK_SPEED(BIT 8) support: true
02-27 12:32:08.100  1139  1139 W MediaControlGattService: Feature TRACK_POSITION(BIT 7) support: true
02-27 12:32:08.100  1139  1139 W MediaControlGattService: Feature TRACK_POSITION_NOTIFY support: true
02-27 12:32:08.100  1139  1139 W MediaControlGattService: Feature MEDIA_STATE(BIT 17) support: true
02-27 12:32:08.100  1139  1139 W MediaControlGattService: Feature MEDIA_STATE(BIT 17) support: true
02-27 12:32:08.102  1139  1139 I AdapterProperties: getBondedDevices: length=0
02-27 12:32:08.102  1139  1139 W MediaControlGattService: Feature PLAYER_NAME(BIT 1) support: true
02-27 12:32:08.102  1139  1139 W MediaControlGattService: Feature PLAYER_NAME(BIT 1) support: true
02-27 12:32:08.102  1139  1139 W MediaControlGattService: Feature MEDIA_CONTROL_POINT_OPCODES_SUPPORTED(BIT 19) support: true
02-27 12:32:08.102  1139  1139 W MediaControlGattService: Feature MEDIA_STATE(BIT 17) support: true
02-27 12:32:08.102  1139  1139 W MediaControlGattService: Feature MEDIA_STATE(BIT 17) support: true
02-27 12:32:08.102  1139  1139 W MediaControlGattService: Feature SEEKING_SPEED(BIT 9) support: true
02-27 12:32:08.102  1139  1139 W MediaControlGattService: Feature SEEKING_SPEED(BIT 9) support: true
02-27 12:32:08.102  1139  1139 W MediaControlGattService: Feature SEEKING_SPEED(BIT 9) support: true
02-27 12:32:08.112  1139  1139 I bluetooth: system/btif/avrcp/avrcp_service.cc:536 SendMediaUpdate: track_changed=false :  play_state=true :  queue=false
02-27 12:32:09.732   545   651 D AF::Track: interceptBuffer: took 510us to intercept 0 tracks
02-27 12:32:11.096   730   755 D MediaSessionService: onSessionPlaybackStateChanged: record=com.zimbabeats/androidx.media3.session.id./7 (userId=0) playbackState=PlaybackState {state=PLAYING(3), position=17974, buffered position=37361, speed=1.0, updated=9089499, actions=7340031, custom actions=[], active item id=0, error=null}
02-27 12:32:11.107  1139  1139 W MediaControlGattService: Feature PLAYBACK_SPEED(BIT 8) support: true
02-27 12:32:11.108  1139  1139 W MediaControlGattService: Feature PLAYBACK_SPEED(BIT 8) support: true
02-27 12:32:11.108  1139  1139 W MediaControlGattService: Feature PLAYBACK_SPEED(BIT 8) support: true
02-27 12:32:11.108  1139  1139 W MediaControlGattService: Feature TRACK_POSITION(BIT 7) support: true
02-27 12:32:11.108  1139  1139 W MediaControlGattService: Feature TRACK_POSITION_NOTIFY support: true
02-27 12:32:11.108  1139  1139 W MediaControlGattService: Feature MEDIA_STATE(BIT 17) support: true
02-27 12:32:11.108  1139  1139 W MediaControlGattService: Feature MEDIA_STATE(BIT 17) support: true
02-27 12:32:11.109  1139  1139 I AdapterProperties: getBondedDevices: length=0
02-27 12:32:11.110  1139  1139 W MediaControlGattService: Feature PLAYER_NAME(BIT 1) support: true
02-27 12:32:11.110  1139  1139 W MediaControlGattService: Feature PLAYER_NAME(BIT 1) support: true
02-27 12:32:11.110  1139  1139 W MediaControlGattService: Feature MEDIA_CONTROL_POINT_OPCODES_SUPPORTED(BIT 19) support: true
02-27 12:32:11.110  1139  1139 W MediaControlGattService: Feature MEDIA_STATE(BIT 17) support: true
02-27 12:32:11.110  1139  1139 W MediaControlGattService: Feature MEDIA_STATE(BIT 17) support: true
02-27 12:32:11.110  1139  1139 W MediaControlGattService: Feature SEEKING_SPEED(BIT 9) support: true
02-27 12:32:11.110  1139  1139 W MediaControlGattService: Feature SEEKING_SPEED(BIT 9) support: true
02-27 12:32:11.110  1139  1139 W MediaControlGattService: Feature SEEKING_SPEED(BIT 9) support: true
02-27 12:32:11.123  1139  1139 I bluetooth: system/btif/avrcp/avrcp_service.cc:536 SendMediaUpdate: track_changed=false :  play_state=true :  queue=false
02-27 12:32:11.683   545   651 D AF::Track: interceptBuffer: took 660us to intercept 0 tracks
02-27 12:32:12.511  5548  5905 D BufferPoolAccessor2.0: bufferpool2 0x728b5bc086b8 : 5(28800 size) total buffers - 4(23040 size) used buffers - 998/1003 (recycle/alloc) - 5/1997 (fetch/transfer)
02-27 12:32:12.513   631  5906 D BufferPoolAccessor2.0: bufferpool2 0x700e0d59ee78 : 3(276480 size) total buffers - 1(92160 size) used buffers - 993/996 (recycle/alloc) - 3/995 (fetch/transfer)
02-27 12:32:12.681   545   651 D AF::Track: interceptBuffer: took 600us to intercept 0 tracks
02-27 12:32:14.102   730  1060 D MediaSessionService: onSessionPlaybackStateChanged: record=com.zimbabeats/androidx.media3.session.id./7 (userId=0) playbackState=PlaybackState {state=PLAYING(3), position=20983, buffered position=44121, speed=1.0, updated=9092505, actions=7340031, custom actions=[], active item id=0, error=null}
02-27 12:32:14.115  1139  1139 I droid.bluetooth: AssetManager2(0x728bfbbe9f98) locale list changing from [] to [en-US]
02-27 12:32:14.116  1139  1139 W MediaControlGattService: Feature PLAYBACK_SPEED(BIT 8) support: true
02-27 12:32:14.116  1139  1139 W MediaControlGattService: Feature PLAYBACK_SPEED(BIT 8) support: true
02-27 12:32:14.116  1139  1139 W MediaControlGattService: Feature PLAYBACK_SPEED(BIT 8) support: true
02-27 12:32:14.116  1139  1139 W MediaControlGattService: Feature TRACK_POSITION(BIT 7) support: true
02-27 12:32:14.116  1139  1139 W MediaControlGattService: Feature TRACK_POSITION_NOTIFY support: true
02-27 12:32:14.116  1139  1139 W MediaControlGattService: Feature MEDIA_STATE(BIT 17) support: true
02-27 12:32:14.116  1139  1139 W MediaControlGattService: Feature MEDIA_STATE(BIT 17) support: true
02-27 12:32:14.117  1139  1139 I AdapterProperties: getBondedDevices: length=0
02-27 12:32:14.118  1139  1139 W MediaControlGattService: Feature PLAYER_NAME(BIT 1) support: true
02-27 12:32:14.118  1139  1139 W MediaControlGattService: Feature PLAYER_NAME(BIT 1) support: true
02-27 12:32:14.118  1139  1139 W MediaControlGattService: Feature MEDIA_CONTROL_POINT_OPCODES_SUPPORTED(BIT 19) support: true
02-27 12:32:14.118  1139  1139 W MediaControlGattService: Feature MEDIA_STATE(BIT 17) support: true
02-27 12:32:14.118  1139  1139 W MediaControlGattService: Feature MEDIA_STATE(BIT 17) support: true
02-27 12:32:14.118  1139  1139 W MediaControlGattService: Feature SEEKING_SPEED(BIT 9) support: true
02-27 12:32:14.118  1139  1139 W MediaControlGattService: Feature SEEKING_SPEED(BIT 9) support: true
02-27 12:32:14.118  1139  1139 W MediaControlGattService: Feature SEEKING_SPEED(BIT 9) support: true
02-27 12:32:14.127  1139  1139 I bluetooth: system/btif/avrcp/avrcp_service.cc:536 SendMediaUpdate: track_changed=false :  play_state=true :  queue=false
02-27 12:32:16.385  1179  1361 D SatelliteController: iisInCarrierRoamingNbIotNtn: satellite is disabled
02-27 12:32:16.391   730  1060 W IPCThreadState: Sending oneway calls to frozen process.
02-27 12:32:17.119   730  1060 D MediaSessionService: onSessionPlaybackStateChanged: record=com.zimbabeats/androidx.media3.session.id./7 (userId=0) playbackState=PlaybackState {state=PLAYING(3), position=24002, buffered position=49921, speed=1.0, updated=9095523, actions=7340031, custom actions=[], active item id=0, error=null}
02-27 12:32:17.130  1139  1139 I bluetooth: system/btif/avrcp/avrcp_service.cc:536 SendMediaUpdate: track_changed=false :  play_state=true :  queue=false
02-27 12:32:17.143  1139  1139 W MediaControlGattService: Feature PLAYBACK_SPEED(BIT 8) support: true
02-27 12:32:17.143  1139  1139 W MediaControlGattService: Feature PLAYBACK_SPEED(BIT 8) support: true
02-27 12:32:17.143  1139  1139 W MediaControlGattService: Feature PLAYBACK_SPEED(BIT 8) support: true
02-27 12:32:17.143  1139  1139 W MediaControlGattService: Feature TRACK_POSITION(BIT 7) support: true
02-27 12:32:17.144  1139  1139 W MediaControlGattService: Feature TRACK_POSITION_NOTIFY support: true
02-27 12:32:17.144  1139  1139 W MediaControlGattService: Feature MEDIA_STATE(BIT 17) support: true
02-27 12:32:17.144  1139  1139 W MediaControlGattService: Feature MEDIA_STATE(BIT 17) support: true
02-27 12:32:17.145  1139  1139 I AdapterProperties: getBondedDevices: length=0
02-27 12:32:17.146  1139  1139 W MediaControlGattService: Feature PLAYER_NAME(BIT 1) support: true
02-27 12:32:17.146  1139  1139 W MediaControlGattService: Feature PLAYER_NAME(BIT 1) support: true
02-27 12:32:17.147  1139  1139 W MediaControlGattService: Feature MEDIA_CONTROL_POINT_OPCODES_SUPPORTED(BIT 19) support: true
02-27 12:32:17.147  1139  1139 W MediaControlGattService: Feature MEDIA_STATE(BIT 17) support: true
02-27 12:32:17.147  1139  1139 W MediaControlGattService: Feature MEDIA_STATE(BIT 17) support: true
